Microsoft Windows [Version 10.0.17763.292]
(c) 2018 Microsoft Corporation. All rights reserved.

C:\Users\AbdulRehman\Desktop\git>git init
Initialized empty Git repository in C:/Users/AbdulRehman/Desktop/git/.git/

C:\Users\AbdulRehman\Desktop\git>git status
On branch master

No commits yet

Untracked files:
  (use "git add <file>..." to include in what will be committed)

        index.html

nothing added to commit but untracked files present (use "git add" to track)

C:\Users\AbdulRehman\Desktop\git>git add index.html

C:\Users\AbdulRehman\Desktop\git>git status
On branch master

No commits yet

Changes to be committed:
  (use "git rm --cached <file>..." to unstage)

        new file:   index.html


C:\Users\AbdulRehman\Desktop\git>git add .

C:\Users\AbdulRehman\Desktop\git> git commit -m "this is my first commit"

*** Please tell me who you are.

Run

  git config --global user.email "you@example.com"
  git config --global user.name "Your Name"

to set your account's default identity.
Omit --global to set the identity only in this repository.

fatal: unable to auto-detect email address (got 'AbdulRehman@DESKTOP-GU88SAH.(none)')

C:\Users\AbdulRehman\Desktop\git>git config --global user.email "abdulrehman.mafzal@outlook.com"

C:\Users\AbdulRehman\Desktop\git>git config --global name "abdulrehman"
error: key does not contain a section: name

C:\Users\AbdulRehman\Desktop\git>git config --global name "REHMAN-AFZAL"
error: key does not contain a section: name

C:\Users\AbdulRehman\Desktop\git>git config --global user.name "REHMAN-AFZAL"

C:\Users\AbdulRehman\Desktop\git> git commit -m "this is my first commit"
[master (root-commit) 88a0274] this is my first commit
 1 file changed, 44 insertions(+)
 create mode 100644 index.html

C:\Users\AbdulRehman\Desktop\git>git log
commit 88a0274772632d903384b147f3b00b541dcf3301 (HEAD -> master)
Author: REHMAN-AFZAL <abdulrehman.mafzal@outlook.com>
Date:   Mon Feb 4 15:31:45 2019 +0500

    this is my first commit

C:\Users\AbdulRehman\Desktop\git>git remote add origin https://github.com/REHMAN-AFZAL/Satiana.git

C:\Users\AbdulRehman\Desktop\git>git push origin
fatal: The current branch master has no upstream branch.
To push the current branch and set the remote as upstream, use

    git push --set-upstream origin master


C:\Users\AbdulRehman\Desktop\git>git pull origin
warning: no common commits
remote: Enumerating objects: 3, done.
remote: Counting objects: 100% (3/3), done.
remote: Total 3 (delta 0), reused 0 (delta 0), pack-reused 0
Unpacking objects: 100% (3/3), done.
From https://github.com/REHMAN-AFZAL/Satiana
 * [new branch]      master     -> origin/master
You asked to pull from the remote 'origin', but did not specify
a branch. Because this is not the default configured remote
for your current branch, you must specify a branch on the command line.

C:\Users\AbdulRehman\Desktop\git>git push origin
fatal: The current branch master has no upstream branch.
To push the current branch and set the remote as upstream, use

    git push --set-upstream origin master


C:\Users\AbdulRehman\Desktop\git>git push origin master
To https://github.com/REHMAN-AFZAL/Satiana.git
 ! [rejected]        master -> master (non-fast-forward)
error: failed to push some refs to 'https://github.com/REHMAN-AFZAL/Satiana.git'
hint: Updates were rejected because the tip of your current branch is behind
hint: its remote counterpart. Integrate the remote changes (e.g.
hint: 'git pull ...') before pushing again.
hint: See the 'Note about fast-forwards' in 'git push --help' for details.

C:\Users\AbdulRehman\Desktop\git>git push origin master
To https://github.com/REHMAN-AFZAL/Satiana.git
 ! [rejected]        master -> master (non-fast-forward)
error: failed to push some refs to 'https://github.com/REHMAN-AFZAL/Satiana.git'
hint: Updates were rejected because the tip of your current branch is behind
hint: its remote counterpart. Integrate the remote changes (e.g.
hint: 'git pull ...') before pushing again.
hint: See the 'Note about fast-forwards' in 'git push --help' for details.

C:\Users\AbdulRehman\Desktop\git>git pull origin master
From https://github.com/REHMAN-AFZAL/Satiana
 * branch            master     -> FETCH_HEAD
fatal: refusing to merge unrelated histories

C:\Users\AbdulRehman\Desktop\git>git pull origion master   --allow-unrelated-histories
fatal: 'origion' does not appear to be a git repository
fatal: Could not read from remote repository.

Please make sure you have the correct access rights
and the repository exists.

C:\Users\AbdulRehman\Desktop\git>git pull origin master   --allow-unrelated-histories
From https://github.com/REHMAN-AFZAL/Satiana
 * branch            master     -> FETCH_HEAD
Merge made by the 'recursive' strategy.
 README.md | 1 +
 1 file changed, 1 insertion(+)
 create mode 100644 README.md

C:\Users\AbdulRehman\Desktop\git>git push origin master
Enumerating objects: 6, done.
Counting objects: 100% (6/6), done.
Delta compression using up to 4 threads
Compressing objects: 100% (4/4), done.
Writing objects: 100% (5/5), 1.14 KiB | 167.00 KiB/s, done.
Total 5 (delta 0), reused 0 (delta 0)
To https://github.com/REHMAN-AFZAL/Satiana.git
   1589aee..bc38bf8  master -> master

C:\Users\AbdulRehman\Desktop\git>git status
On branch master
nothing to commit, working tree clean

C:\Users\AbdulRehman\Desktop\git> git status
On branch master
Changes not staged for commit:
  (use "git add <file>..." to update what will be committed)
  (use "git checkout -- <file>..." to discard changes in working directory)

        modified:   index.html

no changes added to commit (use "git add" and/or "git commit -a")

C:\Users\AbdulRehman\Desktop\git>git add.
git: 'add.' is not a git command. See 'git --help'.

The most similar command is
        add

C:\Users\AbdulRehman\Desktop\git> git add .

C:\Users\AbdulRehman\Desktop\git>git status
On branch master
Changes to be committed:
  (use "git reset HEAD <file>..." to unstage)

        modified:   index.html


C:\Users\AbdulRehman\Desktop\git>git commit -m "color change in div.rot"
[master 7218313] color change in div.rot
 1 file changed, 1 insertion(+)

C:\Users\AbdulRehman\Desktop\git>git status
On branch master
Untracked files:
  (use "git add <file>..." to include in what will be committed)

        experiment.txt
        gitignore.gitignore.txt

nothing added to commit but untracked files present (use "git add" to track)

C:\Users\AbdulRehman\Desktop\git> git status
On branch master
Untracked files:
  (use "git add <file>..." to include in what will be committed)

        .gitignore.txt
        experiment.txt

nothing added to commit but untracked files present (use "git add" to track)

C:\Users\AbdulRehman\Desktop\git>git status
On branch master
Untracked files:
  (use "git add <file>..." to include in what will be committed)

        .gitignore.txt
        experiment.txt

nothing added to commit but untracked files present (use "git add" to track)

C:\Users\AbdulRehman\Desktop\git> git status
On branch master
Untracked files:
  (use "git add <file>..." to include in what will be committed)

        experiment.txt
        gitignore.txt

nothing added to commit but untracked files present (use "git add" to track)

C:\Users\AbdulRehman\Desktop\git> git status
On branch master
Untracked files:
  (use "git add <file>..." to include in what will be committed)

        experiment.txt
        gitignore.txt

nothing added to commit but untracked files present (use "git add" to track)

C:\Users\AbdulRehman\Desktop\git> ren gitignore .gitignore
The system cannot find the file specified.

C:\Users\AbdulRehman\Desktop\git> ren gitignore.txt  .gitignore

C:\Users\AbdulRehman\Desktop\git> git status
On branch master
Untracked files:
  (use "git add <file>..." to include in what will be committed)

        .gitignore

nothing added to commit but untracked files present (use "git add" to track)

C:\Users\AbdulRehman\Desktop\git>git status
On branch master
Untracked files:
  (use "git add <file>..." to include in what will be committed)

        .gitignore.txt
        experiment.txt

nothing added to commit but untracked files present (use "git add" to track)

C:\Users\AbdulRehman\Desktop\git>git status
On branch master
Untracked files:
  (use "git add <file>..." to include in what will be committed)

        experiment.txt
        gitignore

nothing added to commit but untracked files present (use "git add" to track)

C:\Users\AbdulRehman\Desktop\git>git status
On branch master
Untracked files:
  (use "git add <file>..." to include in what will be committed)

        experiment.txt
        gitignore

nothing added to commit but untracked files present (use "git add" to track)

C:\Users\AbdulRehman\Desktop\git> ren gitignore .gitignore

C:\Users\AbdulRehman\Desktop\git>git status
On branch master
Untracked files:
  (use "git add <file>..." to include in what will be committed)

        .gitignore

nothing added to commit but untracked files present (use "git add" to track)

C:\Users\AbdulRehman\Desktop\git> git add .

C:\Users\AbdulRehman\Desktop\git>git commit -m "files are ignored"
[master 9523539] files are ignored
 1 file changed, 1 insertion(+)
 create mode 100644 .gitignore

C:\Users\AbdulRehman\Desktop\git>git push origin master
Enumerating objects: 8, done.
Counting objects: 100% (8/8), done.
Delta compression using up to 4 threads
Compressing objects: 100% (5/5), done.
Writing objects: 100% (6/6), 671 bytes | 111.00 KiB/s, done.
Total 6 (delta 1), reused 0 (delta 0)
remote: Resolving deltas: 100% (1/1), completed with 1 local object.
To https://github.com/REHMAN-AFZAL/Satiana.git
   bc38bf8..9523539  master -> master

C:\Users\AbdulRehman\Desktop\git> branch
'branch' is not recognized as an internal or external command,
operable program or batch file.

C:\Users\AbdulRehman\Desktop\git> git branch
* master

C:\Users\AbdulRehman\Desktop\git> git checkout -b newBranch
Switched to a new branch 'newBranch'

C:\Users\AbdulRehman\Desktop\git> git branch
  master
* newBranch

C:\Users\AbdulRehman\Desktop\git> git checkout newBranch
Already on 'newBranch'

C:\Users\AbdulRehman\Desktop\git> git checkout master
Switched to branch 'master'

C:\Users\AbdulRehman\Desktop\git> git checkout newBranch
Switched to branch 'newBranch'

C:\Users\AbdulRehman\Desktop\git> git add .

C:\Users\AbdulRehman\Desktop\git>git commit -m "new file add"
[newBranch 8d5fa50] new file add
 1 file changed, 0 insertions(+), 0 deletions(-)
 create mode 100644 branch.txt

C:\Users\AbdulRehman\Desktop\git> git push origin newbranch
fatal: newbranch cannot be resolved to branch.

C:\Users\AbdulRehman\Desktop\git> git push origin newBranch
Enumerating objects: 4, done.
Counting objects: 100% (4/4), done.
Delta compression using up to 4 threads
Compressing objects: 100% (2/2), done.
Writing objects: 100% (3/3), 367 bytes | 122.00 KiB/s, done.
Total 3 (delta 0), reused 0 (delta 0)
remote:
remote: Create a pull request for 'newBranch' on GitHub by visiting:
remote:      https://github.com/REHMAN-AFZAL/Satiana/pull/new/newBranch
remote:
To https://github.com/REHMAN-AFZAL/Satiana.git
 * [new branch]      newBranch -> newBranch

C:\Users\AbdulRehman\Desktop\git>git checkout master
Switched to branch 'master'

C:\Users\AbdulRehman\Desktop\git>Microsoft Windows [Version 10.0.17763.292]
'Microsoft' is not recognized as an internal or external command,
operable program or batch file.

C:\Users\AbdulRehman\Desktop\git>(c) 2018 Microsoft Corporation. All rights reserved.
2018 was unexpected at this time.

C:\Users\AbdulRehman\Desktop\git>
C:\Users\AbdulRehman\Desktop\git>C:\Users\AbdulRehman\Desktop\git>git init
'C:\Users\AbdulRehman\Desktop\git' is not recognized as an internal or external command,
operable program or batch file.

C:\Users\AbdulRehman\Desktop\git>Initialized empty Git repository in C:/Users/AbdulRehman/Desktop/git/.git/
'Initialized' is not recognized as an internal or external command,
operable program or batch file.

C:\Users\AbdulRehman\Desktop\git>
C:\Users\AbdulRehman\Desktop\git>C:\Users\AbdulRehman\Desktop\git>git status
'C:\Users\AbdulRehman\Desktop\git' is not recognized as an internal or external command,
operable program or batch file.

C:\Users\AbdulRehman\Desktop\git>On branch master
'On' is not recognized as an internal or external command,
operable program or batch file.

C:\Users\AbdulRehman\Desktop\git>
C:\Users\AbdulRehman\Desktop\git>No commits yet
'No' is not recognized as an internal or external command,
operable program or batch file.

C:\Users\AbdulRehman\Desktop\git>
C:\Users\AbdulRehman\Desktop\git>Untracked files:
'Untracked' is not recognized as an internal or external command,
operable program or batch file.

C:\Users\AbdulRehman\Desktop\git>  (use "git add <file>..." to include in what will be committed)
'use' is not recognized as an internal or external command,
operable program or batch file.

C:\Users\AbdulRehman\Desktop\git>
C:\Users\AbdulRehman\Desktop\git>        index.html

C:\Users\AbdulRehman\Desktop\git>
C:\Users\AbdulRehman\Desktop\git>nothing added to commit but untracked files present (use "git add" to track)
'nothing' is not recognized as an internal or external command,
operable program or batch file.

C:\Users\AbdulRehman\Desktop\git>
C:\Users\AbdulRehman\Desktop\git>C:\Users\AbdulRehman\Desktop\git>git add index.html
'C:\Users\AbdulRehman\Desktop\git' is not recognized as an internal or external command,
operable program or batch file.

C:\Users\AbdulRehman\Desktop\git>
C:\Users\AbdulRehman\Desktop\git>C:\Users\AbdulRehman\Desktop\git>git status
'C:\Users\AbdulRehman\Desktop\git' is not recognized as an internal or external command,
operable program or batch file.

C:\Users\AbdulRehman\Desktop\git>On branch master
'On' is not recognized as an internal or external command,
operable program or batch file.

C:\Users\AbdulRehman\Desktop\git>
C:\Users\AbdulRehman\Desktop\git>No commits yet
'No' is not recognized as an internal or external command,
operable program or batch file.

C:\Users\AbdulRehman\Desktop\git>
C:\Users\AbdulRehman\Desktop\git>Changes to be committed:
'Changes' is not recognized as an internal or external command,
operable program or batch file.

C:\Users\AbdulRehman\Desktop\git>  (use "git rm --cached <file>..." to unstage)
'use' is not recognized as an internal or external command,
operable program or batch file.

C:\Users\AbdulRehman\Desktop\git>
C:\Users\AbdulRehman\Desktop\git>        new file:   index.html
'new' is not recognized as an internal or external command,
operable program or batch file.

C:\Users\AbdulRehman\Desktop\git>
C:\Users\AbdulRehman\Desktop\git>
C:\Users\AbdulRehman\Desktop\git>C:\Users\AbdulRehman\Desktop\git>git add .
'C:\Users\AbdulRehman\Desktop\git' is not recognized as an internal or external command,
operable program or batch file.

C:\Users\AbdulRehman\Desktop\git>
C:\Users\AbdulRehman\Desktop\git>C:\Users\AbdulRehman\Desktop\git> git commit -m "this is my first commit"
'C:\Users\AbdulRehman\Desktop\git' is not recognized as an internal or external command,
operable program or batch file.

C:\Users\AbdulRehman\Desktop\git>
C:\Users\AbdulRehman\Desktop\git>*** Please tell me who you are.
'***' is not recognized as an internal or external command,
operable program or batch file.

C:\Users\AbdulRehman\Desktop\git>
C:\Users\AbdulRehman\Desktop\git>Run
'Run' is not recognized as an internal or external command,
operable program or batch file.

C:\Users\AbdulRehman\Desktop\git>
C:\Users\AbdulRehman\Desktop\git>  git config --global user.email "you@example.com"

C:\Users\AbdulRehman\Desktop\git>  git config --global user.name "Your Name"

C:\Users\AbdulRehman\Desktop\git>
C:\Users\AbdulRehman\Desktop\git>to set your account's default identity.
'to' is not recognized as an internal or external command,
operable program or batch file.

C:\Users\AbdulRehman\Desktop\git>Omit --global to set the identity only in this repository.
'Omit' is not recognized as an internal or external command,
operable program or batch file.

C:\Users\AbdulRehman\Desktop\git>
C:\Users\AbdulRehman\Desktop\git>fatal: unable to auto-detect email address (got 'AbdulRehman@DESKTOP-GU88SAH.(none)')
'fatal:' is not recognized as an internal or external command,
operable program or batch file.

C:\Users\AbdulRehman\Desktop\git>
C:\Users\AbdulRehman\Desktop\git>C:\Users\AbdulRehman\Desktop\git>git config --global user.email "abdulrehman.mafzal@outlook.com"
'C:\Users\AbdulRehman\Desktop\git' is not recognized as an internal or external command,
operable program or batch file.

C:\Users\AbdulRehman\Desktop\git>
C:\Users\AbdulRehman\Desktop\git>C:\Users\AbdulRehman\Desktop\git>git config --global name "abdulrehman"
'C:\Users\AbdulRehman\Desktop\git' is not recognized as an internal or external command,
operable program or batch file.

C:\Users\AbdulRehman\Desktop\git>error: key does not contain a section: name
'error:' is not recognized as an internal or external command,
operable program or batch file.

C:\Users\AbdulRehman\Desktop\git>
C:\Users\AbdulRehman\Desktop\git>C:\Users\AbdulRehman\Desktop\git>git config --global name "REHMAN-AFZAL"
'C:\Users\AbdulRehman\Desktop\git' is not recognized as an internal or external command,
operable program or batch file.

C:\Users\AbdulRehman\Desktop\git>error: key does not contain a section: name
'error:' is not recognized as an internal or external command,
operable program or batch file.

C:\Users\AbdulRehman\Desktop\git>
C:\Users\AbdulRehman\Desktop\git>C:\Users\AbdulRehman\Desktop\git>git config --global user.name "REHMAN-AFZAL"
'C:\Users\AbdulRehman\Desktop\git' is not recognized as an internal or external command,
operable program or batch file.

C:\Users\AbdulRehman\Desktop\git>
C:\Users\AbdulRehman\Desktop\git>C:\Users\AbdulRehman\Desktop\git> git commit -m "this is my first commit"
'C:\Users\AbdulRehman\Desktop\git' is not recognized as an internal or external command,
operable program or batch file.

C:\Users\AbdulRehman\Desktop\git>[master (root-commit) 88a0274] this is my first commit
'[master' is not recognized as an internal or external command,
operable program or batch file.

C:\Users\AbdulRehman\Desktop\git> 1 file changed, 44 insertions(+)
'1' is not recognized as an internal or external command,
operable program or batch file.

C:\Users\AbdulRehman\Desktop\git> create mode 100644 index.html
'create' is not recognized as an internal or external command,
operable program or batch file.

C:\Users\AbdulRehman\Desktop\git>
C:\Users\AbdulRehman\Desktop\git>C:\Users\AbdulRehman\Desktop\git>git log
'C:\Users\AbdulRehman\Desktop\git' is not recognized as an internal or external command,
operable program or batch file.

C:\Users\AbdulRehman\Desktop\git>commit 88a0274772632d903384b147f3b00b541dcf3301 (HEAD -> master)
'commit' is not recognized as an internal or external command,
operable program or batch file.

C:\Users\AbdulRehman\Desktop\git>Author: REHMAN-AFZAL <abdulrehman.mafzal@outlook.com>
The syntax of the command is incorrect.

C:\Users\AbdulRehman\Desktop\git>Date:   Mon Feb 4 15:31:45 2019 +0500
The system cannot accept the date entered.
Enter the new date: (mm-dd-yy)

C:\Users\AbdulRehman\Desktop\git>    this is my first commit
'this' is not recognized as an internal or external command,
operable program or batch file.

C:\Users\AbdulRehman\Desktop\git>
C:\Users\AbdulRehman\Desktop\git>C:\Users\AbdulRehman\Desktop\git>git remote add origin https://github.com/REHMAN-AFZAL/Satiana.git
'C:\Users\AbdulRehman\Desktop\git' is not recognized as an internal or external command,
operable program or batch file.

C:\Users\AbdulRehman\Desktop\git>
C:\Users\AbdulRehman\Desktop\git>C:\Users\AbdulRehman\Desktop\git>git push origin
'C:\Users\AbdulRehman\Desktop\git' is not recognized as an internal or external command,
operable program or batch file.

C:\Users\AbdulRehman\Desktop\git>fatal: The current branch master has no upstream branch.
'fatal:' is not recognized as an internal or external command,
operable program or batch file.

C:\Users\AbdulRehman\Desktop\git>To push the current branch and set the remote as upstream, use
'To' is not recognized as an internal or external command,
operable program or batch file.

C:\Users\AbdulRehman\Desktop\git>
C:\Users\AbdulRehman\Desktop\git>    git push --set-upstream origin master
Everything up-to-date
Branch 'master' set up to track remote branch 'master' from 'origin'.

C:\Users\AbdulRehman\Desktop\git>
C:\Users\AbdulRehman\Desktop\git>
C:\Users\AbdulRehman\Desktop\git>C:\Users\AbdulRehman\Desktop\git>git pull origin
'C:\Users\AbdulRehman\Desktop\git' is not recognized as an internal or external command,
operable program or batch file.

C:\Users\AbdulRehman\Desktop\git>warning: no common commits
'warning:' is not recognized as an internal or external command,
operable program or batch file.

C:\Users\AbdulRehman\Desktop\git>remote: Enumerating objects: 3, done.
'remote:' is not recognized as an internal or external command,
operable program or batch file.

C:\Users\AbdulRehman\Desktop\git>remote: Counting objects: 100% (3/3), done.
'remote:' is not recognized as an internal or external command,
operable program or batch file.

C:\Users\AbdulRehman\Desktop\git>remote: Total 3 (delta 0), reused 0 (delta 0), pack-reused 0
'remote:' is not recognized as an internal or external command,
operable program or batch file.

C:\Users\AbdulRehman\Desktop\git>Unpacking objects: 100% (3/3), done.
'Unpacking' is not recognized as an internal or external command,
operable program or batch file.

C:\Users\AbdulRehman\Desktop\git>From https://github.com/REHMAN-AFZAL/Satiana
'From' is not recognized as an internal or external command,
operable program or batch file.

C:\Users\AbdulRehman\Desktop\git> * [new branch]      master     -> origin/master
The system cannot find the path specified.

C:\Users\AbdulRehman\Desktop\git>You asked to pull from the remote 'origin', but did not specify
'You' is not recognized as an internal or external command,
operable program or batch file.

C:\Users\AbdulRehman\Desktop\git>a branch. Because this is not the default configured remote
'a' is not recognized as an internal or external command,
operable program or batch file.

C:\Users\AbdulRehman\Desktop\git>for your current branch, you must specify a branch on the command line.
your was unexpected at this time.

C:\Users\AbdulRehman\Desktop\git>
C:\Users\AbdulRehman\Desktop\git>C:\Users\AbdulRehman\Desktop\git>git push origin
'C:\Users\AbdulRehman\Desktop\git' is not recognized as an internal or external command,
operable program or batch file.

C:\Users\AbdulRehman\Desktop\git>fatal: The current branch master has no upstream branch.
'fatal:' is not recognized as an internal or external command,
operable program or batch file.

C:\Users\AbdulRehman\Desktop\git>To push the current branch and set the remote as upstream, use
'To' is not recognized as an internal or external command,
operable program or batch file.

C:\Users\AbdulRehman\Desktop\git>
C:\Users\AbdulRehman\Desktop\git>    git push --set-upstream origin master
Everything up-to-date
Branch 'master' set up to track remote branch 'master' from 'origin'.

C:\Users\AbdulRehman\Desktop\git>
C:\Users\AbdulRehman\Desktop\git>
C:\Users\AbdulRehman\Desktop\git>C:\Users\AbdulRehman\Desktop\git>git push origin master
'C:\Users\AbdulRehman\Desktop\git' is not recognized as an internal or external command,
operable program or batch file.

C:\Users\AbdulRehman\Desktop\git>To https://github.com/REHMAN-AFZAL/Satiana.git
'To' is not recognized as an internal or external command,
operable program or batch file.

C:\Users\AbdulRehman\Desktop\git> ! [rejected]        master -> master (non-fast-forward)
'!' is not recognized as an internal or external command,
operable program or batch file.

C:\Users\AbdulRehman\Desktop\git>error: failed to push some refs to 'https://github.com/REHMAN-AFZAL/Satiana.git'
'error:' is not recognized as an internal or external command,
operable program or batch file.

C:\Users\AbdulRehman\Desktop\git>hint: Updates were rejected because the tip of your current branch is behind
'hint:' is not recognized as an internal or external command,
operable program or batch file.

C:\Users\AbdulRehman\Desktop\git>hint: its remote counterpart. Integrate the remote changes (e.g.
'hint:' is not recognized as an internal or external command,
operable program or batch file.

C:\Users\AbdulRehman\Desktop\git>hint: 'git pull ...') before pushing again.
'hint:' is not recognized as an internal or external command,
operable program or batch file.

C:\Users\AbdulRehman\Desktop\git>hint: See the 'Note about fast-forwards' in 'git push --help' for details.
'hint:' is not recognized as an internal or external command,
operable program or batch file.

C:\Users\AbdulRehman\Desktop\git>
C:\Users\AbdulRehman\Desktop\git>C:\Users\AbdulRehman\Desktop\git>git push origin master
'C:\Users\AbdulRehman\Desktop\git' is not recognized as an internal or external command,
operable program or batch file.

C:\Users\AbdulRehman\Desktop\git>To https://github.com/REHMAN-AFZAL/Satiana.git
'To' is not recognized as an internal or external command,
operable program or batch file.

C:\Users\AbdulRehman\Desktop\git> ! [rejected]        master -> master (non-fast-forward)
'!' is not recognized as an internal or external command,
operable program or batch file.

C:\Users\AbdulRehman\Desktop\git>error: failed to push some refs to 'https://github.com/REHMAN-AFZAL/Satiana.git'
'error:' is not recognized as an internal or external command,
operable program or batch file.

C:\Users\AbdulRehman\Desktop\git>hint: Updates were rejected because the tip of your current branch is behind
'hint:' is not recognized as an internal or external command,
operable program or batch file.

C:\Users\AbdulRehman\Desktop\git>hint: its remote counterpart. Integrate the remote changes (e.g.
'hint:' is not recognized as an internal or external command,
operable program or batch file.

C:\Users\AbdulRehman\Desktop\git>hint: 'git pull ...') before pushing again.
'hint:' is not recognized as an internal or external command,
operable program or batch file.

C:\Users\AbdulRehman\Desktop\git>hint: See the 'Note about fast-forwards' in 'git push --help' for details.
'hint:' is not recognized as an internal or external command,
operable program or batch file.

C:\Users\AbdulRehman\Desktop\git>
C:\Users\AbdulRehman\Desktop\git>C:\Users\AbdulRehman\Desktop\git>git pull origin master
'C:\Users\AbdulRehman\Desktop\git' is not recognized as an internal or external command,
operable program or batch file.

C:\Users\AbdulRehman\Desktop\git>From https://github.com/REHMAN-AFZAL/Satiana
'From' is not recognized as an internal or external command,
operable program or batch file.

C:\Users\AbdulRehman\Desktop\git> * branch            master     -> FETCH_HEAD
'*' is not recognized as an internal or external command,
operable program or batch file.

C:\Users\AbdulRehman\Desktop\git>fatal: refusing to merge unrelated histories
'fatal:' is not recognized as an internal or external command,
operable program or batch file.

C:\Users\AbdulRehman\Desktop\git>
C:\Users\AbdulRehman\Desktop\git>C:\Users\AbdulRehman\Desktop\git>git pull origion master   --allow-unrelated-histories
'C:\Users\AbdulRehman\Desktop\git' is not recognized as an internal or external command,
operable program or batch file.

C:\Users\AbdulRehman\Desktop\git>fatal: 'origion' does not appear to be a git repository
'fatal:' is not recognized as an internal or external command,
operable program or batch file.

C:\Users\AbdulRehman\Desktop\git>fatal: Could not read from remote repository.
'fatal:' is not recognized as an internal or external command,
operable program or batch file.

C:\Users\AbdulRehman\Desktop\git>
C:\Users\AbdulRehman\Desktop\git>Please make sure you have the correct access rights
'Please' is not recognized as an internal or external command,
operable program or batch file.

C:\Users\AbdulRehman\Desktop\git>and the repository exists.
'and' is not recognized as an internal or external command,
operable program or batch file.

C:\Users\AbdulRehman\Desktop\git>
C:\Users\AbdulRehman\Desktop\git>C:\Users\AbdulRehman\Desktop\git>git pull origin master   --allow-unrelated-histories
'C:\Users\AbdulRehman\Desktop\git' is not recognized as an internal or external command,
operable program or batch file.

C:\Users\AbdulRehman\Desktop\git>From https://github.com/REHMAN-AFZAL/Satiana
'From' is not recognized as an internal or external command,
operable program or batch file.

C:\Users\AbdulRehman\Desktop\git> * branch            master     -> FETCH_HEAD
'*' is not recognized as an internal or external command,
operable program or batch file.

C:\Users\AbdulRehman\Desktop\git>Merge made by the 'recursive' strategy.
'Merge' is not recognized as an internal or external command,
operable program or batch file.

C:\Users\AbdulRehman\Desktop\git> README.md | 1 +
'1' is not recognized as an internal or external command,
operable program or batch file.

C:\Users\AbdulRehman\Desktop\git> 1 file changed, 1 insertion(+)
'1' is not recognized as an internal or external command,
operable program or batch file.

C:\Users\AbdulRehman\Desktop\git> create mode 100644 README.md
'create' is not recognized as an internal or external command,
operable program or batch file.

C:\Users\AbdulRehman\Desktop\git>
C:\Users\AbdulRehman\Desktop\git>C:\Users\AbdulRehman\Desktop\git>git push origin master
'C:\Users\AbdulRehman\Desktop\git' is not recognized as an internal or external command,
operable program or batch file.

C:\Users\AbdulRehman\Desktop\git>Enumerating objects: 6, done.
'Enumerating' is not recognized as an internal or external command,
operable program or batch file.

C:\Users\AbdulRehman\Desktop\git>Counting objects: 100% (6/6), done.
'Counting' is not recognized as an internal or external command,
operable program or batch file.

C:\Users\AbdulRehman\Desktop\git>Delta compression using up to 4 threads
'Delta' is not recognized as an internal or external command,
operable program or batch file.

C:\Users\AbdulRehman\Desktop\git>Compressing objects: 100% (4/4), done.
'Compressing' is not recognized as an internal or external command,
operable program or batch file.

C:\Users\AbdulRehman\Desktop\git>Writing objects: 100% (5/5), 1.14 KiB | 167.00 KiB/s, done.
'Writing' is not recognized as an internal or external command,
operable program or batch file.

C:\Users\AbdulRehman\Desktop\git>Total 5 (delta 0), reused 0 (delta 0)
'Total' is not recognized as an internal or external command,
operable program or batch file.

C:\Users\AbdulRehman\Desktop\git>To https://github.com/REHMAN-AFZAL/Satiana.git
'To' is not recognized as an internal or external command,
operable program or batch file.

C:\Users\AbdulRehman\Desktop\git>   1589aee..bc38bf8  master -> master
'1589aee..bc38bf8' is not recognized as an internal or external command,
operable program or batch file.

C:\Users\AbdulRehman\Desktop\git>
C:\Users\AbdulRehman\Desktop\git>C:\Users\AbdulRehman\Desktop\git>git status
'C:\Users\AbdulRehman\Desktop\git' is not recognized as an internal or external command,
operable program or batch file.

C:\Users\AbdulRehman\Desktop\git>On branch master
'On' is not recognized as an internal or external command,
operable program or batch file.

C:\Users\AbdulRehman\Desktop\git>nothing to commit, working tree clean
'nothing' is not recognized as an internal or external command,
operable program or batch file.

C:\Users\AbdulRehman\Desktop\git>
C:\Users\AbdulRehman\Desktop\git>C:\Users\AbdulRehman\Desktop\git> git status
'C:\Users\AbdulRehman\Desktop\git' is not recognized as an internal or external command,
operable program or batch file.

C:\Users\AbdulRehman\Desktop\git>On branch master
'On' is not recognized as an internal or external command,
operable program or batch file.

C:\Users\AbdulRehman\Desktop\git>Changes not staged for commit:
'Changes' is not recognized as an internal or external command,
operable program or batch file.

C:\Users\AbdulRehman\Desktop\git>  (use "git add <file>..." to update what will be committed)
'use' is not recognized as an internal or external command,
operable program or batch file.

C:\Users\AbdulRehman\Desktop\git>  (use "git checkout -- <file>..." to discard changes in working directory)
'use' is not recognized as an internal or external command,
operable program or batch file.

C:\Users\AbdulRehman\Desktop\git>
C:\Users\AbdulRehman\Desktop\git>        modified:   index.html
'modified:' is not recognized as an internal or external command,
operable program or batch file.

C:\Users\AbdulRehman\Desktop\git>
C:\Users\AbdulRehman\Desktop\git>no changes added to commit (use "git add" and/or "git commit -a")
'no' is not recognized as an internal or external command,
operable program or batch file.

C:\Users\AbdulRehman\Desktop\git>
C:\Users\AbdulRehman\Desktop\git>C:\Users\AbdulRehman\Desktop\git>git add.
'C:\Users\AbdulRehman\Desktop\git' is not recognized as an internal or external command,
operable program or batch file.

C:\Users\AbdulRehman\Desktop\git>git: 'add.' is not a git command. See 'git --help'.
'git:' is not recognized as an internal or external command,
operable program or batch file.

C:\Users\AbdulRehman\Desktop\git>
C:\Users\AbdulRehman\Desktop\git>The most similar command is
'The' is not recognized as an internal or external command,
operable program or batch file.

C:\Users\AbdulRehman\Desktop\git>        add
'add' is not recognized as an internal or external command,
operable program or batch file.

C:\Users\AbdulRehman\Desktop\git>
C:\Users\AbdulRehman\Desktop\git>C:\Users\AbdulRehman\Desktop\git> git add .
'C:\Users\AbdulRehman\Desktop\git' is not recognized as an internal or external command,
operable program or batch file.

C:\Users\AbdulRehman\Desktop\git>
C:\Users\AbdulRehman\Desktop\git>C:\Users\AbdulRehman\Desktop\git>git status
'C:\Users\AbdulRehman\Desktop\git' is not recognized as an internal or external command,
operable program or batch file.

C:\Users\AbdulRehman\Desktop\git>On branch master
'On' is not recognized as an internal or external command,
operable program or batch file.

C:\Users\AbdulRehman\Desktop\git>Changes to be committed:
'Changes' is not recognized as an internal or external command,
operable program or batch file.

C:\Users\AbdulRehman\Desktop\git>  (use "git reset HEAD <file>..." to unstage)
'use' is not recognized as an internal or external command,
operable program or batch file.

C:\Users\AbdulRehman\Desktop\git>
C:\Users\AbdulRehman\Desktop\git>        modified:   index.html
'modified:' is not recognized as an internal or external command,
operable program or batch file.

C:\Users\AbdulRehman\Desktop\git>
C:\Users\AbdulRehman\Desktop\git>
C:\Users\AbdulRehman\Desktop\git>C:\Users\AbdulRehman\Desktop\git>git commit -m "color change in div.rot"
'C:\Users\AbdulRehman\Desktop\git' is not recognized as an internal or external command,
operable program or batch file.

C:\Users\AbdulRehman\Desktop\git>[master 7218313] color change in div.rot
'[master' is not recognized as an internal or external command,
operable program or batch file.

C:\Users\AbdulRehman\Desktop\git> 1 file changed, 1 insertion(+)
'1' is not recognized as an internal or external command,
operable program or batch file.

C:\Users\AbdulRehman\Desktop\git>
C:\Users\AbdulRehman\Desktop\git>C:\Users\AbdulRehman\Desktop\git>git status
'C:\Users\AbdulRehman\Desktop\git' is not recognized as an internal or external command,
operable program or batch file.

C:\Users\AbdulRehman\Desktop\git>On branch master
'On' is not recognized as an internal or external command,
operable program or batch file.

C:\Users\AbdulRehman\Desktop\git>Untracked files:
'Untracked' is not recognized as an internal or external command,
operable program or batch file.

C:\Users\AbdulRehman\Desktop\git>  (use "git add <file>..." to include in what will be committed)
'use' is not recognized as an internal or external command,
operable program or batch file.

C:\Users\AbdulRehman\Desktop\git>
C:\Users\AbdulRehman\Desktop\git>        experiment.txt

C:\Users\AbdulRehman\Desktop\git>        gitignore.gitignore.txt
'gitignore.gitignore.txt' is not recognized as an internal or external command,
operable program or batch file.

C:\Users\AbdulRehman\Desktop\git>
C:\Users\AbdulRehman\Desktop\git>nothing added to commit but untracked files present (use "git add" to track)
'nothing' is not recognized as an internal or external command,
operable program or batch file.

C:\Users\AbdulRehman\Desktop\git>
C:\Users\AbdulRehman\Desktop\git>C:\Users\AbdulRehman\Desktop\git> git status
'C:\Users\AbdulRehman\Desktop\git' is not recognized as an internal or external command,
operable program or batch file.

C:\Users\AbdulRehman\Desktop\git>On branch master
'On' is not recognized as an internal or external command,
operable program or batch file.

C:\Users\AbdulRehman\Desktop\git>Untracked files:
'Untracked' is not recognized as an internal or external command,
operable program or batch file.

C:\Users\AbdulRehman\Desktop\git>  (use "git add <file>..." to include in what will be committed)
'use' is not recognized as an internal or external command,
operable program or batch file.

C:\Users\AbdulRehman\Desktop\git>
C:\Users\AbdulRehman\Desktop\git>        .gitignore.txt
'.gitignore.txt' is not recognized as an internal or external command,
operable program or batch file.

C:\Users\AbdulRehman\Desktop\git>        experiment.txt

C:\Users\AbdulRehman\Desktop\git>
C:\Users\AbdulRehman\Desktop\git>nothing added to commit but untracked files present (use "git add" to track)
'nothing' is not recognized as an internal or external command,
operable program or batch file.

C:\Users\AbdulRehman\Desktop\git>
C:\Users\AbdulRehman\Desktop\git>C:\Users\AbdulRehman\Desktop\git>git status
'C:\Users\AbdulRehman\Desktop\git' is not recognized as an internal or external command,
operable program or batch file.

C:\Users\AbdulRehman\Desktop\git>On branch master
'On' is not recognized as an internal or external command,
operable program or batch file.

C:\Users\AbdulRehman\Desktop\git>Untracked files:
'Untracked' is not recognized as an internal or external command,
operable program or batch file.

C:\Users\AbdulRehman\Desktop\git>  (use "git add <file>..." to include in what will be committed)
'use' is not recognized as an internal or external command,
operable program or batch file.

C:\Users\AbdulRehman\Desktop\git>
C:\Users\AbdulRehman\Desktop\git>        .gitignore.txt
'.gitignore.txt' is not recognized as an internal or external command,
operable program or batch file.

C:\Users\AbdulRehman\Desktop\git>        experiment.txt

C:\Users\AbdulRehman\Desktop\git>
C:\Users\AbdulRehman\Desktop\git>nothing added to commit but untracked files present (use "git add" to track)
'nothing' is not recognized as an internal or external command,
operable program or batch file.

C:\Users\AbdulRehman\Desktop\git>
C:\Users\AbdulRehman\Desktop\git>C:\Users\AbdulRehman\Desktop\git> git status
'C:\Users\AbdulRehman\Desktop\git' is not recognized as an internal or external command,
operable program or batch file.

C:\Users\AbdulRehman\Desktop\git>On branch master
'On' is not recognized as an internal or external command,
operable program or batch file.

C:\Users\AbdulRehman\Desktop\git>Untracked files:
'Untracked' is not recognized as an internal or external command,
operable program or batch file.

C:\Users\AbdulRehman\Desktop\git>  (use "git add <file>..." to include in what will be committed)
'use' is not recognized as an internal or external command,
operable program or batch file.

C:\Users\AbdulRehman\Desktop\git>
C:\Users\AbdulRehman\Desktop\git>        experiment.txt

C:\Users\AbdulRehman\Desktop\git>        gitignore.txt
'gitignore.txt' is not recognized as an internal or external command,
operable program or batch file.

C:\Users\AbdulRehman\Desktop\git>
C:\Users\AbdulRehman\Desktop\git>nothing added to commit but untracked files present (use "git add" to track)
'nothing' is not recognized as an internal or external command,
operable program or batch file.

C:\Users\AbdulRehman\Desktop\git>
C:\Users\AbdulRehman\Desktop\git>C:\Users\AbdulRehman\Desktop\git> git status
'C:\Users\AbdulRehman\Desktop\git' is not recognized as an internal or external command,
operable program or batch file.

C:\Users\AbdulRehman\Desktop\git>On branch master
'On' is not recognized as an internal or external command,
operable program or batch file.

C:\Users\AbdulRehman\Desktop\git>Untracked files:
'Untracked' is not recognized as an internal or external command,
operable program or batch file.

C:\Users\AbdulRehman\Desktop\git>  (use "git add <file>..." to include in what will be committed)
'use' is not recognized as an internal or external command,
operable program or batch file.

C:\Users\AbdulRehman\Desktop\git>
C:\Users\AbdulRehman\Desktop\git>        experiment.txt

C:\Users\AbdulRehman\Desktop\git>        gitignore.txt
'gitignore.txt' is not recognized as an internal or external command,
operable program or batch file.

C:\Users\AbdulRehman\Desktop\git>
C:\Users\AbdulRehman\Desktop\git>nothing added to commit but untracked files present (use "git add" to track)
'nothing' is not recognized as an internal or external command,
operable program or batch file.

C:\Users\AbdulRehman\Desktop\git>
C:\Users\AbdulRehman\Desktop\git>C:\Users\AbdulRehman\Desktop\git> ren gitignore .gitignore
'C:\Users\AbdulRehman\Desktop\git' is not recognized as an internal or external command,
operable program or batch file.

C:\Users\AbdulRehman\Desktop\git>The system cannot find the file specified.
'The' is not recognized as an internal or external command,
operable program or batch file.

C:\Users\AbdulRehman\Desktop\git>
C:\Users\AbdulRehman\Desktop\git>C:\Users\AbdulRehman\Desktop\git> ren gitignore.txt  .gitignore
'C:\Users\AbdulRehman\Desktop\git' is not recognized as an internal or external command,
operable program or batch file.

C:\Users\AbdulRehman\Desktop\git>
C:\Users\AbdulRehman\Desktop\git>C:\Users\AbdulRehman\Desktop\git> git status
'C:\Users\AbdulRehman\Desktop\git' is not recognized as an internal or external command,
operable program or batch file.

C:\Users\AbdulRehman\Desktop\git>On branch master
'On' is not recognized as an internal or external command,
operable program or batch file.

C:\Users\AbdulRehman\Desktop\git>Untracked files:
'Untracked' is not recognized as an internal or external command,
operable program or batch file.

C:\Users\AbdulRehman\Desktop\git>  (use "git add <file>..." to include in what will be committed)
'use' is not recognized as an internal or external command,
operable program or batch file.

C:\Users\AbdulRehman\Desktop\git>
C:\Users\AbdulRehman\Desktop\git>        .gitignore

C:\Users\AbdulRehman\Desktop\git>
C:\Users\AbdulRehman\Desktop\git>nothing added to commit but untracked files present (use "git add" to track)
'nothing' is not recognized as an internal or external command,
operable program or batch file.

C:\Users\AbdulRehman\Desktop\git>
C:\Users\AbdulRehman\Desktop\git>C:\Users\AbdulRehman\Desktop\git>git status
'C:\Users\AbdulRehman\Desktop\git' is not recognized as an internal or external command,
operable program or batch file.

C:\Users\AbdulRehman\Desktop\git>On branch master
'On' is not recognized as an internal or external command,
operable program or batch file.

C:\Users\AbdulRehman\Desktop\git>Untracked files:
'Untracked' is not recognized as an internal or external command,
operable program or batch file.

C:\Users\AbdulRehman\Desktop\git>  (use "git add <file>..." to include in what will be committed)
'use' is not recognized as an internal or external command,
operable program or batch file.

C:\Users\AbdulRehman\Desktop\git>
C:\Users\AbdulRehman\Desktop\git>        .gitignore.txt
'.gitignore.txt' is not recognized as an internal or external command,
operable program or batch file.

C:\Users\AbdulRehman\Desktop\git>        experiment.txt

C:\Users\AbdulRehman\Desktop\git>
C:\Users\AbdulRehman\Desktop\git>nothing added to commit but untracked files present (use "git add" to track)
'nothing' is not recognized as an internal or external command,
operable program or batch file.

C:\Users\AbdulRehman\Desktop\git>
C:\Users\AbdulRehman\Desktop\git>C:\Users\AbdulRehman\Desktop\git>git status
'C:\Users\AbdulRehman\Desktop\git' is not recognized as an internal or external command,
operable program or batch file.

C:\Users\AbdulRehman\Desktop\git>On branch master
'On' is not recognized as an internal or external command,
operable program or batch file.

C:\Users\AbdulRehman\Desktop\git>Untracked files:
'Untracked' is not recognized as an internal or external command,
operable program or batch file.

C:\Users\AbdulRehman\Desktop\git>  (use "git add <file>..." to include in what will be committed)
'use' is not recognized as an internal or external command,
operable program or batch file.

C:\Users\AbdulRehman\Desktop\git>
C:\Users\AbdulRehman\Desktop\git>        experiment.txt

C:\Users\AbdulRehman\Desktop\git>        gitignore
'gitignore' is not recognized as an internal or external command,
operable program or batch file.

C:\Users\AbdulRehman\Desktop\git>
C:\Users\AbdulRehman\Desktop\git>nothing added to commit but untracked files present (use "git add" to track)
'nothing' is not recognized as an internal or external command,
operable program or batch file.

C:\Users\AbdulRehman\Desktop\git>
C:\Users\AbdulRehman\Desktop\git>C:\Users\AbdulRehman\Desktop\git>git status
'C:\Users\AbdulRehman\Desktop\git' is not recognized as an internal or external command,
operable program or batch file.

C:\Users\AbdulRehman\Desktop\git>On branch master
'On' is not recognized as an internal or external command,
operable program or batch file.

C:\Users\AbdulRehman\Desktop\git>Untracked files:
'Untracked' is not recognized as an internal or external command,
operable program or batch file.

C:\Users\AbdulRehman\Desktop\git>  (use "git add <file>..." to include in what will be committed)
'use' is not recognized as an internal or external command,
operable program or batch file.

C:\Users\AbdulRehman\Desktop\git>
C:\Users\AbdulRehman\Desktop\git>        experiment.txt

C:\Users\AbdulRehman\Desktop\git>        gitignore
'gitignore' is not recognized as an internal or external command,
operable program or batch file.

C:\Users\AbdulRehman\Desktop\git>
C:\Users\AbdulRehman\Desktop\git>nothing added to commit but untracked files present (use "git add" to track)
'nothing' is not recognized as an internal or external command,
operable program or batch file.

C:\Users\AbdulRehman\Desktop\git>
C:\Users\AbdulRehman\Desktop\git>C:\Users\AbdulRehman\Desktop\git> ren gitignore .gitignore
'C:\Users\AbdulRehman\Desktop\git' is not recognized as an internal or external command,
operable program or batch file.

C:\Users\AbdulRehman\Desktop\git>
C:\Users\AbdulRehman\Desktop\git>C:\Users\AbdulRehman\Desktop\git>git status
'C:\Users\AbdulRehman\Desktop\git' is not recognized as an internal or external command,
operable program or batch file.

C:\Users\AbdulRehman\Desktop\git>On branch master
'On' is not recognized as an internal or external command,
operable program or batch file.

C:\Users\AbdulRehman\Desktop\git>Untracked files:
'Untracked' is not recognized as an internal or external command,
operable program or batch file.

C:\Users\AbdulRehman\Desktop\git>  (use "git add <file>..." to include in what will be committed)
'use' is not recognized as an internal or external command,
operable program or batch file.

C:\Users\AbdulRehman\Desktop\git>
C:\Users\AbdulRehman\Desktop\git>        .gitignore

C:\Users\AbdulRehman\Desktop\git>
C:\Users\AbdulRehman\Desktop\git>nothing added to commit but untracked files present (use "git add" to track)
'nothing' is not recognized as an internal or external command,
operable program or batch file.

C:\Users\AbdulRehman\Desktop\git>
C:\Users\AbdulRehman\Desktop\git>C:\Users\AbdulRehman\Desktop\git> git add .
'C:\Users\AbdulRehman\Desktop\git' is not recognized as an internal or external command,
operable program or batch file.

C:\Users\AbdulRehman\Desktop\git>
C:\Users\AbdulRehman\Desktop\git>C:\Users\AbdulRehman\Desktop\git>git commit -m "files are ignored"
'C:\Users\AbdulRehman\Desktop\git' is not recognized as an internal or external command,
operable program or batch file.

C:\Users\AbdulRehman\Desktop\git>[master 9523539] files are ignored
'[master' is not recognized as an internal or external command,
operable program or batch file.

C:\Users\AbdulRehman\Desktop\git> 1 file changed, 1 insertion(+)
'1' is not recognized as an internal or external command,
operable program or batch file.

C:\Users\AbdulRehman\Desktop\git> create mode 100644 .gitignore
'create' is not recognized as an internal or external command,
operable program or batch file.

C:\Users\AbdulRehman\Desktop\git>
C:\Users\AbdulRehman\Desktop\git>C:\Users\AbdulRehman\Desktop\git>git push origin master
'C:\Users\AbdulRehman\Desktop\git' is not recognized as an internal or external command,
operable program or batch file.

C:\Users\AbdulRehman\Desktop\git>Enumerating objects: 8, done.
'Enumerating' is not recognized as an internal or external command,
operable program or batch file.

C:\Users\AbdulRehman\Desktop\git>Counting objects: 100% (8/8), done.
'Counting' is not recognized as an internal or external command,
operable program or batch file.

C:\Users\AbdulRehman\Desktop\git>Delta compression using up to 4 threads
'Delta' is not recognized as an internal or external command,
operable program or batch file.

C:\Users\AbdulRehman\Desktop\git>Compressing objects: 100% (5/5), done.
'Compressing' is not recognized as an internal or external command,
operable program or batch file.

C:\Users\AbdulRehman\Desktop\git>Writing objects: 100% (6/6), 671 bytes | 111.00 KiB/s, done.
'Writing' is not recognized as an internal or external command,
operable program or batch file.

C:\Users\AbdulRehman\Desktop\git>Total 6 (delta 1), reused 0 (delta 0)
'Total' is not recognized as an internal or external command,
operable program or batch file.

C:\Users\AbdulRehman\Desktop\git>remote: Resolving deltas: 100% (1/1), completed with 1 local object.
'remote:' is not recognized as an internal or external command,
operable program or batch file.

C:\Users\AbdulRehman\Desktop\git>To https://github.com/REHMAN-AFZAL/Satiana.git
'To' is not recognized as an internal or external command,
operable program or batch file.

C:\Users\AbdulRehman\Desktop\git>   bc38bf8..9523539  master -> master
'bc38bf8..9523539' is not recognized as an internal or external command,
operable program or batch file.

C:\Users\AbdulRehman\Desktop\git>
C:\Users\AbdulRehman\Desktop\git>C:\Users\AbdulRehman\Desktop\git> branch
'C:\Users\AbdulRehman\Desktop\git' is not recognized as an internal or external command,
operable program or batch file.

C:\Users\AbdulRehman\Desktop\git>'branch' is not recognized as an internal or external command,
''branch'' is not recognized as an internal or external command,
operable program or batch file.

C:\Users\AbdulRehman\Desktop\git>operable program or batch file.
'operable' is not recognized as an internal or external command,
operable program or batch file.

C:\Users\AbdulRehman\Desktop\git>
C:\Users\AbdulRehman\Desktop\git>C:\Users\AbdulRehman\Desktop\git> git branch
'C:\Users\AbdulRehman\Desktop\git' is not recognized as an internal or external command,
operable program or batch file.

C:\Users\AbdulRehman\Desktop\git>* master
'*' is not recognized as an internal or external command,
operable program or batch file.

C:\Users\AbdulRehman\Desktop\git>
C:\Users\AbdulRehman\Desktop\git>C:\Users\AbdulRehman\Desktop\git> git checkout -b newBranch
'C:\Users\AbdulRehman\Desktop\git' is not recognized as an internal or external command,
operable program or batch file.

C:\Users\AbdulRehman\Desktop\git>Switched to a new branch 'newBranch'
'Switched' is not recognized as an internal or external command,
operable program or batch file.

C:\Users\AbdulRehman\Desktop\git>
C:\Users\AbdulRehman\Desktop\git>C:\Users\AbdulRehman\Desktop\git> git branch
'C:\Users\AbdulRehman\Desktop\git' is not recognized as an internal or external command,
operable program or batch file.

C:\Users\AbdulRehman\Desktop\git>  master
'master' is not recognized as an internal or external command,
operable program or batch file.

C:\Users\AbdulRehman\Desktop\git>* newBranch
'*' is not recognized as an internal or external command,
operable program or batch file.

C:\Users\AbdulRehman\Desktop\git>
C:\Users\AbdulRehman\Desktop\git>C:\Users\AbdulRehman\Desktop\git> git checkout newBranch
'C:\Users\AbdulRehman\Desktop\git' is not recognized as an internal or external command,
operable program or batch file.

C:\Users\AbdulRehman\Desktop\git>Already on 'newBranch'
'Already' is not recognized as an internal or external command,
operable program or batch file.

C:\Users\AbdulRehman\Desktop\git>
C:\Users\AbdulRehman\Desktop\git>C:\Users\AbdulRehman\Desktop\git> git checkout master
'C:\Users\AbdulRehman\Desktop\git' is not recognized as an internal or external command,
operable program or batch file.

C:\Users\AbdulRehman\Desktop\git>Switched to branch 'master'
'Switched' is not recognized as an internal or external command,
operable program or batch file.

C:\Users\AbdulRehman\Desktop\git>
C:\Users\AbdulRehman\Desktop\git>C:\Users\AbdulRehman\Desktop\git> git checkout newBranch
'C:\Users\AbdulRehman\Desktop\git' is not recognized as an internal or external command,
operable program or batch file.

C:\Users\AbdulRehman\Desktop\git>Switched to branch 'newBranch'
'Switched' is not recognized as an internal or external command,
operable program or batch file.

C:\Users\AbdulRehman\Desktop\git>
C:\Users\AbdulRehman\Desktop\git>C:\Users\AbdulRehman\Desktop\git> git add .
'C:\Users\AbdulRehman\Desktop\git' is not recognized as an internal or external command,
operable program or batch file.

C:\Users\AbdulRehman\Desktop\git>
C:\Users\AbdulRehman\Desktop\git>C:\Users\AbdulRehman\Desktop\git>git commit -m "new file add"
'C:\Users\AbdulRehman\Desktop\git' is not recognized as an internal or external command,
operable program or batch file.

C:\Users\AbdulRehman\Desktop\git>[newBranch 8d5fa50] new file add
'[newBranch' is not recognized as an internal or external command,
operable program or batch file.

C:\Users\AbdulRehman\Desktop\git> 1 file changed, 0 insertions(+), 0 deletions(-)
'1' is not recognized as an internal or external command,
operable program or batch file.

C:\Users\AbdulRehman\Desktop\git> create mode 100644 branch.txt
'create' is not recognized as an internal or external command,
operable program or batch file.

C:\Users\AbdulRehman\Desktop\git>
C:\Users\AbdulRehman\Desktop\git>C:\Users\AbdulRehman\Desktop\git> git push origin newbranch
'C:\Users\AbdulRehman\Desktop\git' is not recognized as an internal or external command,
operable program or batch file.

C:\Users\AbdulRehman\Desktop\git>fatal: newbranch cannot be resolved to branch.
'fatal:' is not recognized as an internal or external command,
operable program or batch file.

C:\Users\AbdulRehman\Desktop\git>
C:\Users\AbdulRehman\Desktop\git>C:\Users\AbdulRehman\Desktop\git> git push origin newBranch
'C:\Users\AbdulRehman\Desktop\git' is not recognized as an internal or external command,
operable program or batch file.

C:\Users\AbdulRehman\Desktop\git>Enumerating objects: 4, done.
'Enumerating' is not recognized as an internal or external command,
operable program or batch file.

C:\Users\AbdulRehman\Desktop\git>Counting objects: 100% (4/4), done.
'Counting' is not recognized as an internal or external command,
operable program or batch file.

C:\Users\AbdulRehman\Desktop\git>Delta compression using up to 4 threads
'Delta' is not recognized as an internal or external command,
operable program or batch file.

C:\Users\AbdulRehman\Desktop\git>Compressing objects: 100% (2/2), done.
'Compressing' is not recognized as an internal or external command,
operable program or batch file.

C:\Users\AbdulRehman\Desktop\git>Writing objects: 100% (3/3), 367 bytes | 122.00 KiB/s, done.
'Writing' is not recognized as an internal or external command,
operable program or batch file.

C:\Users\AbdulRehman\Desktop\git>Total 3 (delta 0), reused 0 (delta 0)
'Total' is not recognized as an internal or external command,
operable program or batch file.

C:\Users\AbdulRehman\Desktop\git>remote:
'remote:' is not recognized as an internal or external command,
operable program or batch file.

C:\Users\AbdulRehman\Desktop\git>remote: Create a pull request for 'newBranch' on GitHub by visiting:
'remote:' is not recognized as an internal or external command,
operable program or batch file.

C:\Users\AbdulRehman\Desktop\git>remote:      https://github.com/REHMAN-AFZAL/Satiana/pull/new/newBranch
'remote:' is not recognized as an internal or external command,
operable program or batch file.

C:\Users\AbdulRehman\Desktop\git>remote:
'remote:' is not recognized as an internal or external command,
operable program or batch file.

C:\Users\AbdulRehman\Desktop\git>To https://github.com/REHMAN-AFZAL/Satiana.git
'To' is not recognized as an internal or external command,
operable program or batch file.

C:\Users\AbdulRehman\Desktop\git> * [new branch]      newBranch -> newBranch
'*' is not recognized as an internal or external command,
operable program or batch file.

C:\Users\AbdulRehman\Desktop\git>
C:\Users\AbdulRehman\Desktop\git>C:\Users\AbdulRehman\Desktop\git>git checkout master
'C:\Users\AbdulRehman\Desktop\git' is not recognized as an internal or external command,
operable program or batch file.

C:\Users\AbdulRehman\Desktop\git>Switched to branch 'master'
'Switched' is not recognized as an internal or external command,
operable program or batch file.

C:\Users\AbdulRehman\Desktop\git>
C:\Users\AbdulRehman\Desktop\git>C:\Users\AbdulRehman\Desktop\git>git remote add abc https://github.com/AbdulHaseeb80/newrecord.git
'C:\Users\AbdulRehman\Desktop\git' is not recognized as an internal or external command,
operable program or batch file.

C:\Users\AbdulRehman\Desktop\git>git remote add abc https://github.com/AbdulHaseeb80/newrecord.git

C:\Users\AbdulRehman\Desktop\git>

C:\Users\AbdulRehman\Desktop\git>


------------------------------------------------------------------------obtain repository of abdulhaseeb-------------------------------------------------------------

Microsoft Windows [Version 10.0.17763.292]
(c) 2018 Microsoft Corporation. All rights reserved.

C:\Users\AbdulRehman\Desktop\git2>git init
Initialized empty Git repository in C:/Users/AbdulRehman/Desktop/git2/.git/

C:\Users\AbdulRehman\Desktop\git2>git status
On branch master

No commits yet

nothing to commit (create/copy files and use "git add" to track)

C:\Users\AbdulRehman\Desktop\git2>git clonehttps://github.com/AbdulHaseeb80/newrecord.git
error: cannot spawn git-clonehttps://github.com/AbdulHaseeb80/newrecord.git: Invalid argument

C:\Users\AbdulRehman\Desktop\git2>git clone https://github.com/AbdulHaseeb80/newrecord.git
Cloning into 'newrecord'...
remote: Enumerating objects: 16, done.
remote: Counting objects: 100% (16/16), done.
remote: Compressing objects: 100% (10/10), done.
remote: Total 16 (delta 3), reused 11 (delta 1), pack-reused 0
Unpacking objects: 100% (16/16), done.

C:\Users\AbdulRehman\Desktop\git2>git status
On branch master

No commits yet

Untracked files:
  (use "git add <file>..." to include in what will be committed)

        newrecord/

nothing added to commit but untracked files present (use "git add" to track)

C:\Users\AbdulRehman\Desktop\git2> cd newrecord

C:\Users\AbdulRehman\Desktop\git2\newrecord>status
'status' is not recognized as an internal or external command,
operable program or batch file.

C:\Users\AbdulRehman\Desktop\git2\newrecord> git status
On branch master
Your branch is up to date with 'origin/master'.

Untracked files:
  (use "git add <file>..." to include in what will be committed)

        record.txt

nothing added to commit but untracked files present (use "git add" to track)

C:\Users\AbdulRehman\Desktop\git2\newrecord> git add .

C:\Users\AbdulRehman\Desktop\git2\newrecord>git commit -m "reccd"
[master 90f901a] reccd
 1 file changed, 0 insertions(+), 0 deletions(-)
 create mode 100644 record.txt

C:\Users\AbdulRehman\Desktop\git2\newrecord> git push origin
To https://github.com/AbdulHaseeb80/newrecord.git
 ! [rejected]        master -> master (fetch first)
error: failed to push some refs to 'https://github.com/AbdulHaseeb80/newrecord.git'
hint: Updates were rejected because the remote contains work that you do
hint: not have locally. This is usually caused by another repository pushing
hint: to the same ref. You may want to first integrate the remote changes
hint: (e.g., 'git pull ...') before pushing again.
hint: See the 'Note about fast-forwards' in 'git push --help' for details.

C:\Users\AbdulRehman\Desktop\git2\newrecord>git pull origin
remote: Enumerating objects: 11, done.
remote: Counting objects: 100% (11/11), done.
remote: Compressing objects: 100% (6/6), done.
remote: Total 10 (delta 4), reused 9 (delta 3), pack-reused 0
Unpacking objects: 100% (10/10), done.
From https://github.com/AbdulHaseeb80/newrecord
   d10e123..4e21f11  master     -> origin/master
Merge made by the 'recursive' strategy.
 file.html  | 12 ++++++++++++
 hassan.txt |  0
 myfile.txt |  0
 3 files changed, 12 insertions(+)
 create mode 100644 file.html
 create mode 100644 hassan.txt
 create mode 100644 myfile.txt

C:\Users\AbdulRehman\Desktop\git2\newrecord> git push origin master
Enumerating objects: 6, done.
Counting objects: 100% (6/6), done.
Delta compression using up to 4 threads
Compressing objects: 100% (4/4), done.
Writing objects: 100% (4/4), 504 bytes | 504.00 KiB/s, done.
Total 4 (delta 2), reused 0 (delta 0)
remote: Resolving deltas: 100% (2/2), completed with 1 local object.
To https://github.com/AbdulHaseeb80/newrecord.git
   4e21f11..88c6cef  master -> master

C:\Users\AbdulRehman\Desktop\git2\newrecord>

---------------------------------------------------------------------------SmartGIT using cmd-----------------------------------------------------------------------

Microsoft Windows [Version 10.0.17763.292]
(c) 2018 Microsoft Corporation. All rights reserved.

C:\Users\AbdulRehman\Documents> git pull origin master --allow-unrelated-histories
fatal: 'origin' does not appear to be a git repository
fatal: Could not read from remote repository.

Please make sure you have the correct access rights
and the repository exists.

C:\Users\AbdulRehman\Documents> git pull origin2 master --allow-unrelated-histories
warning: no common commits
remote: Enumerating objects: 17, done.
remote: Counting objects: 100% (17/17), done.
remote: Compressing objects: 100% (11/11), done.
remote: Total 17 (delta 2), reused 13 (delta 1), pack-reused 0
Unpacking objects: 100% (17/17), done.
From https://github.com/REHMAN-AFZAL/Satiana
 * branch            master     -> FETCH_HEAD
 * [new branch]      master     -> origin2/master
First, rewinding head to replay your work on top of it...
Applying: new record hare

C:\Users\AbdulRehman\Documents>

C:\Users\AbdulRehman\Documents>